// Jest Snapshot v1, https://goo.gl/fbAQLP

exports[`tests for <Spinner /> should render a Spinner 1`] = `
ShallowWrapper {
  "length": 1,
  Symbol(enzyme.__root__): [Circular],
  Symbol(enzyme.__unrendered__): <Spinner
    className=""
    color="black"
    percentage={null}
    showCheck={false}
    showPercentage={false}
    size={36}
  />,
  Symbol(enzyme.__renderer__): Object {
    "batchedUpdates": [Function],
    "getNode": [Function],
    "render": [Function],
    "simulateEvent": [Function],
    "unmount": [Function],
  },
  Symbol(enzyme.__node__): Object {
    "instance": null,
    "key": undefined,
    "nodeType": "host",
    "props": Object {
      "className": "cui-spinner cui-spinner--36 cui-spinner--black",
    },
    "ref": null,
    "rendered": null,
    "type": "i",
  },
  Symbol(enzyme.__nodes__): Array [
    Object {
      "instance": null,
      "key": undefined,
      "nodeType": "host",
      "props": Object {
        "className": "cui-spinner cui-spinner--36 cui-spinner--black",
      },
      "ref": null,
      "rendered": null,
      "type": "i",
    },
  ],
  Symbol(enzyme.__options__): Object {
    "adapter": ReactFifteenAdapter {
      "options": Object {
        "lifecycles": Object {
          "componentDidUpdate": Object {
            "prevContext": true,
          },
        },
        "supportPrevContextArgumentOfComponentDidUpdate": true,
      },
    },
  },
}
`;
